#-----------------------------------------------------------
# Vivado v2020.2 (64-bit)
# SW Build 3064766 on Wed Nov 18 09:12:45 MST 2020
# IP Build 3064653 on Wed Nov 18 14:17:31 MST 2020
# Start of session at: Wed Jan 10 12:07:01 2024
# Process ID: 14712
# Current directory: K:/APP
# Command line: vivado.exe -gui_launcher_event rodinguilauncherevent7228 K:\APP\pb_APP_log_comb.xpr
# Log file: K:/APP/vivado.log
# Journal file: K:/APP\vivado.jou
#-----------------------------------------------------------
start_gui
open_project K:/APP/pb_APP_log_comb.xpr
close [ open K:/APP/pb_APP_log_comb.srcs/sources_1/new/inst_add.vhd w ]
add_files K:/APP/pb_APP_log_comb.srcs/sources_1/new/inst_add.vhd
close [ open K:/APP/pb_APP_log_comb.srcs/sources_1/new/inst_add_4bits.vhd w ]
add_files K:/APP/pb_APP_log_comb.srcs/sources_1/new/inst_add_4bits.vhd
archive_project K:/pb_APP_log_comb.xpr.zip -temp_dir K:/APP/.Xil/Vivado-14712-gegi-3024-09win -force -include_local_ip_cache
launch_simulation
launch_simulation
launch_simulation
launch_simulation
launch_simulation
launch_simulation
archive_project K:/pb_APP_log_comb.xpr.zip -temp_dir K:/APP/.Xil/Vivado-14712-gegi-3024-09win -force -include_local_ip_cache
synth_design -rtl -rtl_skip_mlo -name rtl_1
launch_simulation
source AppCombi_top_tb.tcl
close_sim
launch_simulation
source AppCombi_top_tb.tcl
close_sim
launch_simulation
source AppCombi_top_tb.tcl
add_force {/AppCombi_top_tb/btn_sim[3]} -radix hex {0 10ns} {1 60000ps} -repeat_every 100000ps
add_force {/AppCombi_top_tb/btn_sim[1]} -radix hex {0 20ns} {1 70000ps} -repeat_every 100000ps
add_force {/AppCombi_top_tb/sw_sim[2]} -radix hex {1 50ns} {0 100000ps} -repeat_every 100000ps
run 100 ns
relaunch_sim
add_force {/AppCombi_top_tb/sw_sim[3]} -radix hex {0 0ns} {1 50000ps} -repeat_every 100000ps
relaunch_sim
add_force {/AppCombi_top_tb/sw_sim[3]} -radix hex {0 0ns} {1 50000ps} -repeat_every 100000ps
run 200 ns
add_bp {K:/APP/pb_APP_log_comb.srcs/sources_1/new/inst_add.vhd} 45
add_bp {K:/APP/pb_APP_log_comb.srcs/sources_1/new/inst_add.vhd} 46
remove_bps -file {K:/APP/pb_APP_log_comb.srcs/sources_1/new/inst_add.vhd} -line 45
remove_bps -file {K:/APP/pb_APP_log_comb.srcs/sources_1/new/inst_add.vhd} -line 46
close_sim
launch_simulation
source AppCombi_top_tb.tcl
add_force {/AppCombi_top_tb/sw_sim[2]} -radix hex {0 0ns} {1 50000ps} -repeat_every 100000ps
run 200 ns
add_force {/AppCombi_top_tb/btn_sim[2]} -radix hex {0 0ns} {1 50000ps} -repeat_every 100000ps
run 200 ns
remove_forces { {/AppCombi_top_tb/sw_sim[2]} }
run 200 ns
relaunch_sim
add_force {/AppCombi_top_tb/sw_sim[0]} -radix hex {0 0ns} {1 50000ps} -repeat_every 100000ps
run 200 ns
remove_forces { {/AppCombi_top_tb/sw_sim[0]} }
add_force {/AppCombi_top_tb/sw_sim[1]} -radix hex {0 0ns} {1 50000ps} -repeat_every 100000ps
run 200 ns
remove_forces { {/AppCombi_top_tb/sw_sim[0]} }
add_force {/AppCombi_top_tb/btn_sim[0]} -radix hex {0 0ns} {1 50000ps} -repeat_every 100000ps
add_force {/AppCombi_top_tb/sw_sim[0]} -radix hex {0 0ns} {1 50000ps} -repeat_every 100000ps
run 200 ns
relaunch_sim
add_force {/AppCombi_top_tb/sw_sim[0]} -radix hex {0 0ns} {1 50000ps} -repeat_every 100000ps
add_force {/AppCombi_top_tb/btn_sim[0]} -radix hex {0 0ns} {1 50000ps} -repeat_every 100000ps
run 200 ns
archive_project K:/pb_APP_log_comb.xpr.zip -temp_dir K:/APP/.Xil/Vivado-14712-gegi-3024-09win -force -include_local_ip_cache
close_sim
launch_simulation
source AppCombi_top_tb.tcl
add_force {/AppCombi_top_tb/btn_sim[0]} -radix hex {0 0ns} {1 50000ps} -repeat_every 100000ps
run 200 ns
add_force {/AppCombi_top_tb/sw_sim[0]} -radix hex {0 0ns} {1 50000ps} -repeat_every 100000ps
run 200 ns
add_force {/AppCombi_top_tb/sw_sim[1]} -radix hex {0 0ns} {1 50000ps} -repeat_every 100000ps
run 200 ns
close_sim
launch_simulation
source AppCombi_top_tb.tcl
add_force {/AppCombi_top_tb/sw_sim[3]} -radix hex {0 0ns} {1 50000ps} -repeat_every 100000ps
add_force {/AppCombi_top_tb/sw_sim[1]} -radix hex {0 0ns} {1 50000ps} -repeat_every 100000ps
add_force {/AppCombi_top_tb/btn_sim[3]} -radix hex {0 0ns} {1 50000ps} -repeat_every 100000ps
add_force {/AppCombi_top_tb/btn_sim[0]} -radix hex {0 0ns} {1 50000ps} -repeat_every 100000ps
run 200 ns
archive_project K:/pb_APP_log_comb.xpr.zip -temp_dir K:/APP/.Xil/Vivado-14712-gegi-3024-09win -force -include_local_ip_cache
