#-----------------------------------------------------------
# Vivado v2020.2 (64-bit)
# SW Build 3064766 on Wed Nov 18 09:12:45 MST 2020
# IP Build 3064653 on Wed Nov 18 14:17:31 MST 2020
# Start of session at: Sat Jan 13 18:26:53 2024
# Process ID: 7600
# Current directory: C:/Users/PC/Documents/GitHub/S4_APP1
# Command line: vivado.exe -gui_launcher_event rodinguilauncherevent6740 C:\Users\PC\Documents\GitHub\S4_APP1\pb_APP_log_comb.xpr
# Log file: C:/Users/PC/Documents/GitHub/S4_APP1/vivado.log
# Journal file: C:/Users/PC/Documents/GitHub/S4_APP1\vivado.jou
#-----------------------------------------------------------
start_gui
open_project C:/Users/PC/Documents/GitHub/S4_APP1/pb_APP_log_comb.xpr
import_files
file mkdir C:/Users/PC/Documents/GitHub/S4_APP1/pb_APP_log_comb.srcs/sim_1/new
set_property SOURCE_SET sources_1 [get_filesets sim_1]
close [ open C:/Users/PC/Documents/GitHub/S4_APP1/pb_APP_log_comb.srcs/sim_1/new/Thermo2Bin_TB.vhd w ]
add_files -fileset sim_1 C:/Users/PC/Documents/GitHub/S4_APP1/pb_APP_log_comb.srcs/sim_1/new/Thermo2Bin_TB.vhd
# Disabling source management mode.  This is to allow the top design properties to be set without GUI intervention.
set_property source_mgmt_mode None [current_project]
set_property top Thermo2Bin_TB [get_filesets sim_1]
set_property top_lib xil_defaultlib [get_filesets sim_1]
# Re-enabling previously disabled source management mode.
set_property source_mgmt_mode DisplayOnly [current_project]
launch_simulation
launch_simulation
launch_simulation
open_wave_config C:/Users/PC/Documents/GitHub/S4_APP1/pb_APP_log_comb.srcs/sim_1/imports/S4_APP1/AppCombi_top_tb_behav.wcfg
source Thermo2Bin_TB.tcl
current_wave_config {AppCombi_top_tb_behav.wcfg}
add_wave {{/Thermo2Bin_TB/vecteur_test_sim}} 
current_wave_config {AppCombi_top_tb_behav.wcfg}
add_wave {{/Thermo2Bin_TB/vecteur_Entree_sim}} 
current_wave_config {AppCombi_top_tb_behav.wcfg}
add_wave {{/Thermo2Bin_TB/vecteur_ADC_sim}} 
current_wave_config {AppCombi_top_tb_behav.wcfg}
add_wave {{/Thermo2Bin_TB/vecteur_Erreur_sim}} 
relaunch_sim
archive_project C:/Users/PC/Documents/GitHub/pb_APP_log_comb.xpr.zip -temp_dir C:/Users/PC/Documents/GitHub/S4_APP1/.Xil/Vivado-7600-ProDesk-Mat -force -include_local_ip_cache
close_sim
